
> n8n-monorepo@1.110.0 start /Users/kielay/Delta-Analytical-Corp/delta-data-platform/apps/n8n
> run-script-os

(node:20892) [DEP0190] DeprecationWarning: Passing args to a child process with shell option true can lead to security vulnerabilities, as the arguments are not escaped, only concatenated.
(Use `node --trace-deprecation ...` to show where the warning was created)
npm warn Unknown env config "prefer-workspace-packages". This will stop working in the next major version of npm.
npm warn Unknown env config "shamefully-hoist". This will stop working in the next major version of npm.
npm warn Unknown env config "package-import-method". This will stop working in the next major version of npm.
npm warn Unknown env config "verify-deps-before-run". This will stop working in the next major version of npm.
npm warn Unknown env config "catalog". This will stop working in the next major version of npm.
npm warn Unknown env config "auto-install-peers". This will stop working in the next major version of npm.
npm warn Unknown env config "_jsr-registry". This will stop working in the next major version of npm.
npm warn Unknown env config "catalogs". This will stop working in the next major version of npm.
npm warn Unknown env config "hoist". This will stop working in the next major version of npm.
npm warn Unknown env config "link-workspace-packages". This will stop working in the next major version of npm.
npm warn Unknown project config "auto-install-peers". This will stop working in the next major version of npm.
npm warn Unknown project config "strict-peer-dependencies". This will stop working in the next major version of npm.
npm warn Unknown project config "prefer-workspace-packages". This will stop working in the next major version of npm.
npm warn Unknown project config "link-workspace-packages". This will stop working in the next major version of npm.
npm warn Unknown project config "hoist". This will stop working in the next major version of npm.
npm warn Unknown project config "shamefully-hoist". This will stop working in the next major version of npm.
npm warn Unknown project config "hoist-workspace-packages". This will stop working in the next major version of npm.
npm warn Unknown project config "package-manager-strict". This will stop working in the next major version of npm.
npm warn Unknown project config "package-import-method". This will stop working in the next major version of npm.

> n8n-monorepo@1.110.0 start:default
> cd packages/cli/bin && ./n8n

Permissions 0644 for n8n settings file /Users/kielay/.n8n/config are too wide. This is ignored for now, but in the future n8n will attempt to change the permissions automatically. To automatically enforce correct permissions now set N8N_ENFORCE_SETTINGS_FILE_PERMISSIONS=true (recommended), or turn this check off set N8N_ENFORCE_SETTINGS_FILE_PERMISSIONS=false.
Initializing n8n process
n8n ready on ::, port 5678

There are deprecations related to your environment variables. Please take the recommended actions to update your configuration:
 - DB_SQLITE_POOL_SIZE -> Running SQLite without a pool of read connections is deprecated. Please set `DB_SQLITE_POOL_SIZE` to a value higher than zero. See: https://docs.n8n.io/hosting/configuration/environment-variables/database/#sqlite
 - N8N_RUNNERS_ENABLED -> Running n8n without task runners is deprecated. Task runners will be turned on by default in a future version. Please set `N8N_RUNNERS_ENABLED=true` to enable task runners now and avoid potential issues in the future. Learn more: https://docs.n8n.io/hosting/configuration/task-runners/
 - EXECUTIONS_PROCESS -> Remove this environment variable; it is no longer needed.
 - N8N_BLOCK_ENV_ACCESS_IN_NODE -> The default value of N8N_BLOCK_ENV_ACCESS_IN_NODE will be changed from false to true in a future version. If you need to access environment variables from the Code Node or from expressions, please set N8N_BLOCK_ENV_ACCESS_IN_NODE=false. Learn more: https://docs.n8n.io/hosting/configuration/environment-variables/security/

[license SDK] Skipping renewal on init: license cert is not due for renewal
Version: 1.110.0

Editor is now accessible via:
https://mac-studio.halfmoon-blenny.ts.net:5678
Received SIGTERM. Shutting down...
 ELIFECYCLE  Command failed.

Stopping n8n...
